Assertion at the beginning of a loop-statement failed
